Copyright 1986-2022 Xilinx, Inc. All Rights Reserved. Copyright 2022-2024 Advanced Micro Devices, Inc. All Rights Reserved.
---------------------------------------------------------------------------------------------------------------------------------------------------------------------------------
| Tool Version : Vivado v.2024.1 (win64) Build 5076996 Wed May 22 18:37:14 MDT 2024
| Date         : Fri Oct  4 23:35:59 2024
| Host         : EddieRydell running 64-bit major release  (build 9200)
| Command      : report_bus_skew -warn_on_violation -file operating_system_bus_skew_routed.rpt -pb operating_system_bus_skew_routed.pb -rpx operating_system_bus_skew_routed.rpx
| Design       : operating_system
| Device       : 7a35ti-cpg236
| Speed File   : -1L  PRODUCTION 1.23 2018-06-13
| Design State : Routed
---------------------------------------------------------------------------------------------------------------------------------------------------------------------------------

Bus Skew Report

No bus skew constraints

