#-----------------------------------------------------------
# Vivado v2024.1 (64-bit)
# SW Build 5076996 on Wed May 22 18:37:14 MDT 2024
# IP Build 5075265 on Wed May 22 21:45:21 MDT 2024
# SharedData Build 5076995 on Wed May 22 18:29:18 MDT 2024
# Start of session at: Fri Sep 27 21:59:30 2024
# Process ID: 26712
# Current directory: C:/Users/eddie/FPGA_CPU
# Command line: vivado.exe -gui_launcher_event rodinguilauncherevent13924 C:\Users\eddie\FPGA_CPU\FPGA_CPU.xpr
# Log file: C:/Users/eddie/FPGA_CPU/vivado.log
# Journal file: C:/Users/eddie/FPGA_CPU\vivado.jou
# Running On        :EddieRydell
# Platform          :Windows Server 2016 or Windows 10
# Operating System  :22631
# Processor Detail  :13th Gen Intel(R) Core(TM) i9-13980HX
# CPU Frequency     :2419 MHz
# CPU Physical cores:24
# CPU Logical cores :32
# Host memory       :68375 MB
# Swap memory       :10200 MB
# Total Virtual     :78576 MB
# Available Virtual :55969 MB
#-----------------------------------------------------------
start_gui
open_project C:/Users/eddie/FPGA_CPU/FPGA_CPU.xpr
